interactions:
- request:
    body: null
    headers: {}
    method: GET
    uri: https://uk1s3.embassy.ebi.ac.uk/idr/zarr/v0.5/idr0066/ExpA_VIP_ASLM_on.zarr/zarr.json
  response:
    body:
      string: '{"attributes": {"ome": {"version": "0.5", "_creator": {"name": "ome2024-ngff-challenge",
        "version": "1.0.2", "notes": null}, "multiscales": [{"axes": [{"name": "z",
        "type": "space", "unit": "micrometer"}, {"name": "y", "type": "space", "unit":
        "micrometer"}, {"name": "x", "type": "space", "unit": "micrometer"}], "datasets":
        [{"coordinateTransformations": [{"scale": [5.0, 6.550032422660492, 6.550032422660492],
        "type": "scale"}], "path": "0"}, {"coordinateTransformations": [{"scale":
        [5.0, 13.100064845320984, 13.100064845320984], "type": "scale"}], "path":
        "1"}, {"coordinateTransformations": [{"scale": [5.0, 26.20012969064197, 26.20012969064197],
        "type": "scale"}], "path": "2"}, {"coordinateTransformations": [{"scale":
        [5.0, 52.40025938128394, 52.40025938128394], "type": "scale"}], "path": "3"},
        {"coordinateTransformations": [{"scale": [5.0, 104.80051876256788, 104.80051876256788],
        "type": "scale"}], "path": "4"}, {"coordinateTransformations": [{"scale":
        [5.0, 209.60103752513575, 209.60103752513575], "type": "scale"}], "path":
        "5"}], "name": "/"}], "omero": {"channels": [{"active": true, "coefficient":
        1.0, "color": "FFFFFF", "family": "linear", "inverted": false, "label": "tdTomato",
        "window": {"end": 1507.0, "max": 65535.0, "min": 0.0, "start": 0.0}}], "id":
        1, "rdefs": {"defaultT": 0, "defaultZ": 968, "model": "greyscale"}}}}, "zarr_format":
        3, "node_type": "group"}'
    headers:
      Accept-Ranges:
      - bytes
      Connection:
      - Keep-Alive
      Content-Length:
      - '1389'
      Content-Type:
      - application/json
      Date:
      - Mon, 22 Sep 2025 16:28:41 GMT
      Etag:
      - '"0c05937fd6ec1c3ecb35d5cc3d3f1962"'
      Last-Modified:
      - Thu, 21 Nov 2024 23:47:07 GMT
      x-amz-request-id:
      - tx000000000000014427668-0068d17939-7547eb43-default
      x-rgw-object-type:
      - Normal
    status:
      code: 200
      message: OK
- request:
    body: null
    headers: {}
    method: GET
    uri: https://uk1s3.embassy.ebi.ac.uk/idr/zarr/v0.5/idr0066/ExpA_VIP_ASLM_on.zarr/0/zarr.json
  response:
    body:
      string: '{"chunk_grid": {"configuration": {"chunk_shape": [10, 2048, 2048]},
        "name": "regular"}, "chunk_key_encoding": {"name": "default"}, "codecs": [{"configuration":
        {"chunk_shape": [1, 256, 256], "codecs": [{"configuration": {"endian": "little"},
        "name": "bytes"}, {"configuration": {"blocksize": 0, "clevel": 5, "cname":
        "zstd", "shuffle": "shuffle", "typesize": 2}, "name": "blosc"}], "index_codecs":
        [{"configuration": {"endian": "little"}, "name": "bytes"}, {"name": "crc32c"}]},
        "name": "sharding_indexed"}], "data_type": "uint16", "dimension_names": ["z",
        "y", "x"], "fill_value": 0, "node_type": "array", "shape": [1937, 2048, 2048],
        "zarr_format": 3, "attributes": {"_ome2024_ngff_challenge_stats": {"input":
        "", "output": "", "start": 1729072579.9667535, "stop": 1729072674.4772346,
        "read": 9243049896, "written": 7577769425, "elapsed": 94.51048111915588, "threads":
        16, "cpu_count": 16, "sched_affinity": 16}}}'
    headers:
      Accept-Ranges:
      - bytes
      Connection:
      - Keep-Alive
      Content-Length:
      - '915'
      Content-Type:
      - application/json
      Date:
      - Mon, 22 Sep 2025 16:28:41 GMT
      Etag:
      - '"8e50db2f33e6db4dfc1c796eba489c71"'
      Last-Modified:
      - Thu, 21 Nov 2024 23:47:03 GMT
      x-amz-request-id:
      - tx000000000000014427669-0068d17939-7547eb43-default
      x-rgw-object-type:
      - Normal
    status:
      code: 200
      message: OK
- request:
    body: null
    headers: {}
    method: GET
    uri: https://uk1s3.embassy.ebi.ac.uk/idr/zarr/v0.5/idr0066/ExpA_VIP_ASLM_on.zarr/0/.zattrs
  response:
    body:
      string: <?xml version="1.0" encoding="UTF-8"?><Error><Code>NoSuchKey</Code><BucketName>idr</BucketName><RequestId>tx00000000000001308bf09-0068d17939-7518e06c-default</RequestId><HostId>7518e06c-default-default</HostId></Error>
    headers:
      Accept-Ranges:
      - bytes
      Connection:
      - Keep-Alive
      Content-Length:
      - '218'
      Content-Type:
      - application/xml
      Date:
      - Mon, 22 Sep 2025 16:28:41 GMT
      x-amz-request-id:
      - tx00000000000001308bf09-0068d17939-7518e06c-default
    status:
      code: 404
      message: Not Found
- request:
    body: null
    headers: {}
    method: GET
    uri: https://uk1s3.embassy.ebi.ac.uk/idr/zarr/v0.5/idr0066/ExpA_VIP_ASLM_on.zarr/0/.zarray
  response:
    body:
      string: <?xml version="1.0" encoding="UTF-8"?><Error><Code>NoSuchKey</Code><BucketName>idr</BucketName><RequestId>tx00000000000001442766b-0068d17939-7547eb43-default</RequestId><HostId>7547eb43-default-default</HostId></Error>
    headers:
      Accept-Ranges:
      - bytes
      Connection:
      - Keep-Alive
      Content-Length:
      - '218'
      Content-Type:
      - application/xml
      Date:
      - Mon, 22 Sep 2025 16:28:41 GMT
      x-amz-request-id:
      - tx00000000000001442766b-0068d17939-7547eb43-default
    status:
      code: 404
      message: Not Found
- request:
    body: null
    headers: {}
    method: GET
    uri: https://uk1s3.embassy.ebi.ac.uk/idr/zarr/v0.5/idr0066/ExpA_VIP_ASLM_on.zarr/1/.zarray
  response:
    body:
      string: <?xml version="1.0" encoding="UTF-8"?><Error><Code>NoSuchKey</Code><BucketName>idr</BucketName><RequestId>tx00000000000001308bf0a-0068d17939-7518e06c-default</RequestId><HostId>7518e06c-default-default</HostId></Error>
    headers:
      Accept-Ranges:
      - bytes
      Connection:
      - Keep-Alive
      Content-Length:
      - '218'
      Content-Type:
      - application/xml
      Date:
      - Mon, 22 Sep 2025 16:28:41 GMT
      x-amz-request-id:
      - tx00000000000001308bf0a-0068d17939-7518e06c-default
    status:
      code: 404
      message: Not Found
- request:
    body: null
    headers: {}
    method: GET
    uri: https://uk1s3.embassy.ebi.ac.uk/idr/zarr/v0.5/idr0066/ExpA_VIP_ASLM_on.zarr/1/zarr.json
  response:
    body:
      string: '{"chunk_grid": {"configuration": {"chunk_shape": [10, 2048, 2048]},
        "name": "regular"}, "chunk_key_encoding": {"name": "default"}, "codecs": [{"configuration":
        {"chunk_shape": [1, 256, 256], "codecs": [{"configuration": {"endian": "little"},
        "name": "bytes"}, {"configuration": {"blocksize": 0, "clevel": 5, "cname":
        "zstd", "shuffle": "shuffle", "typesize": 2}, "name": "blosc"}], "index_codecs":
        [{"configuration": {"endian": "little"}, "name": "bytes"}, {"name": "crc32c"}]},
        "name": "sharding_indexed"}], "data_type": "uint16", "dimension_names": ["z",
        "y", "x"], "fill_value": 0, "node_type": "array", "shape": [1937, 1024, 1024],
        "zarr_format": 3, "attributes": {"_ome2024_ngff_challenge_stats": {"input":
        "", "output": "", "start": 1729072674.5730882, "stop": 1729072711.2231233,
        "read": 2275199266, "written": 1890484955, "elapsed": 36.65003514289856, "threads":
        16, "cpu_count": 16, "sched_affinity": 16}}}'
    headers:
      Accept-Ranges:
      - bytes
      Connection:
      - Keep-Alive
      Content-Length:
      - '915'
      Content-Type:
      - application/json
      Date:
      - Mon, 22 Sep 2025 16:28:41 GMT
      Etag:
      - '"5e8cbdf7eacf6af421b3cd19fac87067"'
      Last-Modified:
      - Thu, 21 Nov 2024 23:47:05 GMT
      x-amz-request-id:
      - tx00000000000001442766c-0068d17939-7547eb43-default
      x-rgw-object-type:
      - Normal
    status:
      code: 200
      message: OK
- request:
    body: null
    headers: {}
    method: GET
    uri: https://uk1s3.embassy.ebi.ac.uk/idr/zarr/v0.5/idr0066/ExpA_VIP_ASLM_on.zarr/1/.zattrs
  response:
    body:
      string: <?xml version="1.0" encoding="UTF-8"?><Error><Code>NoSuchKey</Code><BucketName>idr</BucketName><RequestId>tx00000000000001442766d-0068d17939-7547eb43-default</RequestId><HostId>7547eb43-default-default</HostId></Error>
    headers:
      Accept-Ranges:
      - bytes
      Connection:
      - Keep-Alive
      Content-Length:
      - '218'
      Content-Type:
      - application/xml
      Date:
      - Mon, 22 Sep 2025 16:28:41 GMT
      x-amz-request-id:
      - tx00000000000001442766d-0068d17939-7547eb43-default
    status:
      code: 404
      message: Not Found
- request:
    body: null
    headers: {}
    method: GET
    uri: https://uk1s3.embassy.ebi.ac.uk/idr/zarr/v0.5/idr0066/ExpA_VIP_ASLM_on.zarr/2/zarr.json
  response:
    body:
      string: '{"chunk_grid": {"configuration": {"chunk_shape": [10, 2048, 2048]},
        "name": "regular"}, "chunk_key_encoding": {"name": "default"}, "codecs": [{"configuration":
        {"chunk_shape": [1, 256, 256], "codecs": [{"configuration": {"endian": "little"},
        "name": "bytes"}, {"configuration": {"blocksize": 0, "clevel": 5, "cname":
        "zstd", "shuffle": "shuffle", "typesize": 2}, "name": "blosc"}], "index_codecs":
        [{"configuration": {"endian": "little"}, "name": "bytes"}, {"name": "crc32c"}]},
        "name": "sharding_indexed"}], "data_type": "uint16", "dimension_names": ["z",
        "y", "x"], "fill_value": 0, "node_type": "array", "shape": [1937, 512, 512],
        "zarr_format": 3, "attributes": {"_ome2024_ngff_challenge_stats": {"input":
        "", "output": "", "start": 1729072711.2857518, "stop": 1729072741.2963598,
        "read": 571214318, "written": 478795440, "elapsed": 30.010607957839966, "threads":
        16, "cpu_count": 16, "sched_affinity": 16}}}'
    headers:
      Accept-Ranges:
      - bytes
      Connection:
      - Keep-Alive
      Content-Length:
      - '912'
      Content-Type:
      - application/json
      Date:
      - Mon, 22 Sep 2025 16:28:41 GMT
      Etag:
      - '"ac5ce586ab0ea8b572135701ef945d05"'
      Last-Modified:
      - Thu, 21 Nov 2024 23:47:06 GMT
      x-amz-request-id:
      - tx00000000000001308bf0b-0068d17939-7518e06c-default
      x-rgw-object-type:
      - Normal
    status:
      code: 200
      message: OK
- request:
    body: null
    headers: {}
    method: GET
    uri: https://uk1s3.embassy.ebi.ac.uk/idr/zarr/v0.5/idr0066/ExpA_VIP_ASLM_on.zarr/2/.zarray
  response:
    body:
      string: <?xml version="1.0" encoding="UTF-8"?><Error><Code>NoSuchKey</Code><BucketName>idr</BucketName><RequestId>tx00000000000001442766f-0068d17939-7547eb43-default</RequestId><HostId>7547eb43-default-default</HostId></Error>
    headers:
      Accept-Ranges:
      - bytes
      Connection:
      - Keep-Alive
      Content-Length:
      - '218'
      Content-Type:
      - application/xml
      Date:
      - Mon, 22 Sep 2025 16:28:41 GMT
      x-amz-request-id:
      - tx00000000000001442766f-0068d17939-7547eb43-default
    status:
      code: 404
      message: Not Found
- request:
    body: null
    headers: {}
    method: GET
    uri: https://uk1s3.embassy.ebi.ac.uk/idr/zarr/v0.5/idr0066/ExpA_VIP_ASLM_on.zarr/2/.zattrs
  response:
    body:
      string: <?xml version="1.0" encoding="UTF-8"?><Error><Code>NoSuchKey</Code><BucketName>idr</BucketName><RequestId>tx00000000000001442766e-0068d17939-7547eb43-default</RequestId><HostId>7547eb43-default-default</HostId></Error>
    headers:
      Accept-Ranges:
      - bytes
      Connection:
      - Keep-Alive
      Content-Length:
      - '218'
      Content-Type:
      - application/xml
      Date:
      - Mon, 22 Sep 2025 16:28:41 GMT
      x-amz-request-id:
      - tx00000000000001442766e-0068d17939-7547eb43-default
    status:
      code: 404
      message: Not Found
- request:
    body: null
    headers: {}
    method: GET
    uri: https://uk1s3.embassy.ebi.ac.uk/idr/zarr/v0.5/idr0066/ExpA_VIP_ASLM_on.zarr/3/zarr.json
  response:
    body:
      string: '{"chunk_grid": {"configuration": {"chunk_shape": [10, 2048, 2048]},
        "name": "regular"}, "chunk_key_encoding": {"name": "default"}, "codecs": [{"configuration":
        {"chunk_shape": [1, 256, 256], "codecs": [{"configuration": {"endian": "little"},
        "name": "bytes"}, {"configuration": {"blocksize": 0, "clevel": 5, "cname":
        "zstd", "shuffle": "shuffle", "typesize": 2}, "name": "blosc"}], "index_codecs":
        [{"configuration": {"endian": "little"}, "name": "bytes"}, {"name": "crc32c"}]},
        "name": "sharding_indexed"}], "data_type": "uint16", "dimension_names": ["z",
        "y", "x"], "fill_value": 0, "node_type": "array", "shape": [1937, 256, 256],
        "zarr_format": 3, "attributes": {"_ome2024_ngff_challenge_stats": {"input":
        "", "output": "", "start": 1729072741.3384552, "stop": 1729072769.0788212,
        "read": 141415387, "written": 117087034, "elapsed": 27.740365982055664, "threads":
        16, "cpu_count": 16, "sched_affinity": 16}}}'
    headers:
      Accept-Ranges:
      - bytes
      Connection:
      - Keep-Alive
      Content-Length:
      - '912'
      Content-Type:
      - application/json
      Date:
      - Mon, 22 Sep 2025 16:28:41 GMT
      Etag:
      - '"b4c15d32b3688ea291f49b3e1b926460"'
      Last-Modified:
      - Thu, 21 Nov 2024 23:47:06 GMT
      x-amz-request-id:
      - tx00000000000001308bf0c-0068d17939-7518e06c-default
      x-rgw-object-type:
      - Normal
    status:
      code: 200
      message: OK
- request:
    body: null
    headers: {}
    method: GET
    uri: https://uk1s3.embassy.ebi.ac.uk/idr/zarr/v0.5/idr0066/ExpA_VIP_ASLM_on.zarr/3/.zattrs
  response:
    body:
      string: <?xml version="1.0" encoding="UTF-8"?><Error><Code>NoSuchKey</Code><BucketName>idr</BucketName><RequestId>tx000000000000014427671-0068d17939-7547eb43-default</RequestId><HostId>7547eb43-default-default</HostId></Error>
    headers:
      Accept-Ranges:
      - bytes
      Connection:
      - Keep-Alive
      Content-Length:
      - '218'
      Content-Type:
      - application/xml
      Date:
      - Mon, 22 Sep 2025 16:28:41 GMT
      x-amz-request-id:
      - tx000000000000014427671-0068d17939-7547eb43-default
    status:
      code: 404
      message: Not Found
- request:
    body: null
    headers: {}
    method: GET
    uri: https://uk1s3.embassy.ebi.ac.uk/idr/zarr/v0.5/idr0066/ExpA_VIP_ASLM_on.zarr/3/.zarray
  response:
    body:
      string: <?xml version="1.0" encoding="UTF-8"?><Error><Code>NoSuchKey</Code><BucketName>idr</BucketName><RequestId>tx000000000000014427670-0068d17939-7547eb43-default</RequestId><HostId>7547eb43-default-default</HostId></Error>
    headers:
      Accept-Ranges:
      - bytes
      Connection:
      - Keep-Alive
      Content-Length:
      - '218'
      Content-Type:
      - application/xml
      Date:
      - Mon, 22 Sep 2025 16:28:41 GMT
      x-amz-request-id:
      - tx000000000000014427670-0068d17939-7547eb43-default
    status:
      code: 404
      message: Not Found
- request:
    body: null
    headers: {}
    method: GET
    uri: https://uk1s3.embassy.ebi.ac.uk/idr/zarr/v0.5/idr0066/ExpA_VIP_ASLM_on.zarr/4/zarr.json
  response:
    body:
      string: '{"chunk_grid": {"configuration": {"chunk_shape": [10, 2048, 2048]},
        "name": "regular"}, "chunk_key_encoding": {"name": "default"}, "codecs": [{"configuration":
        {"chunk_shape": [1, 256, 256], "codecs": [{"configuration": {"endian": "little"},
        "name": "bytes"}, {"configuration": {"blocksize": 0, "clevel": 5, "cname":
        "zstd", "shuffle": "shuffle", "typesize": 2}, "name": "blosc"}], "index_codecs":
        [{"configuration": {"endian": "little"}, "name": "bytes"}, {"name": "crc32c"}]},
        "name": "sharding_indexed"}], "data_type": "uint16", "dimension_names": ["z",
        "y", "x"], "fill_value": 0, "node_type": "array", "shape": [1937, 128, 128],
        "zarr_format": 3, "attributes": {"_ome2024_ngff_challenge_stats": {"input":
        "", "output": "", "start": 1729072769.2520683, "stop": 1729072790.0529108,
        "read": 36588872, "written": 32128193, "elapsed": 20.80084252357483, "threads":
        16, "cpu_count": 16, "sched_affinity": 16}}}'
    headers:
      Accept-Ranges:
      - bytes
      Connection:
      - Keep-Alive
      Content-Length:
      - '909'
      Content-Type:
      - application/json
      Date:
      - Mon, 22 Sep 2025 16:28:41 GMT
      Etag:
      - '"2ae943c176d40c6f921a661a4ed43507"'
      Last-Modified:
      - Thu, 21 Nov 2024 23:47:07 GMT
      x-amz-request-id:
      - tx00000000000001308bf0d-0068d17939-7518e06c-default
      x-rgw-object-type:
      - Normal
    status:
      code: 200
      message: OK
- request:
    body: null
    headers: {}
    method: GET
    uri: https://uk1s3.embassy.ebi.ac.uk/idr/zarr/v0.5/idr0066/ExpA_VIP_ASLM_on.zarr/4/.zarray
  response:
    body:
      string: <?xml version="1.0" encoding="UTF-8"?><Error><Code>NoSuchKey</Code><BucketName>idr</BucketName><RequestId>tx000000000000014427672-0068d17939-7547eb43-default</RequestId><HostId>7547eb43-default-default</HostId></Error>
    headers:
      Accept-Ranges:
      - bytes
      Connection:
      - Keep-Alive
      Content-Length:
      - '218'
      Content-Type:
      - application/xml
      Date:
      - Mon, 22 Sep 2025 16:28:41 GMT
      x-amz-request-id:
      - tx000000000000014427672-0068d17939-7547eb43-default
    status:
      code: 404
      message: Not Found
- request:
    body: null
    headers: {}
    method: GET
    uri: https://uk1s3.embassy.ebi.ac.uk/idr/zarr/v0.5/idr0066/ExpA_VIP_ASLM_on.zarr/4/.zattrs
  response:
    body:
      string: <?xml version="1.0" encoding="UTF-8"?><Error><Code>NoSuchKey</Code><BucketName>idr</BucketName><RequestId>tx000000000000014427673-0068d17939-7547eb43-default</RequestId><HostId>7547eb43-default-default</HostId></Error>
    headers:
      Accept-Ranges:
      - bytes
      Connection:
      - Keep-Alive
      Content-Length:
      - '218'
      Content-Type:
      - application/xml
      Date:
      - Mon, 22 Sep 2025 16:28:41 GMT
      x-amz-request-id:
      - tx000000000000014427673-0068d17939-7547eb43-default
    status:
      code: 404
      message: Not Found
- request:
    body: null
    headers: {}
    method: GET
    uri: https://uk1s3.embassy.ebi.ac.uk/idr/zarr/v0.5/idr0066/ExpA_VIP_ASLM_on.zarr/5/zarr.json
  response:
    body:
      string: '{"chunk_grid": {"configuration": {"chunk_shape": [10, 2048, 2048]},
        "name": "regular"}, "chunk_key_encoding": {"name": "default"}, "codecs": [{"configuration":
        {"chunk_shape": [1, 256, 256], "codecs": [{"configuration": {"endian": "little"},
        "name": "bytes"}, {"configuration": {"blocksize": 0, "clevel": 5, "cname":
        "zstd", "shuffle": "shuffle", "typesize": 2}, "name": "blosc"}], "index_codecs":
        [{"configuration": {"endian": "little"}, "name": "bytes"}, {"name": "crc32c"}]},
        "name": "sharding_indexed"}], "data_type": "uint16", "dimension_names": ["z",
        "y", "x"], "fill_value": 0, "node_type": "array", "shape": [1937, 64, 64],
        "zarr_format": 3, "attributes": {"_ome2024_ngff_challenge_stats": {"input":
        "", "output": "", "start": 1729072790.1904233, "stop": 1729072806.0652034,
        "read": 9826984, "written": 10362705, "elapsed": 15.874780178070068, "threads":
        16, "cpu_count": 16, "sched_affinity": 16}}}'
    headers:
      Accept-Ranges:
      - bytes
      Connection:
      - Keep-Alive
      Content-Length:
      - '907'
      Content-Type:
      - application/json
      Date:
      - Mon, 22 Sep 2025 16:28:41 GMT
      Etag:
      - '"8782f4a40df06985346a412903d07a5e"'
      Last-Modified:
      - Thu, 21 Nov 2024 23:47:07 GMT
      x-amz-request-id:
      - tx00000000000001308bf0e-0068d17939-7518e06c-default
      x-rgw-object-type:
      - Normal
    status:
      code: 200
      message: OK
- request:
    body: null
    headers: {}
    method: GET
    uri: https://uk1s3.embassy.ebi.ac.uk/idr/zarr/v0.5/idr0066/ExpA_VIP_ASLM_on.zarr/5/.zattrs
  response:
    body:
      string: <?xml version="1.0" encoding="UTF-8"?><Error><Code>NoSuchKey</Code><BucketName>idr</BucketName><RequestId>tx000000000000014427675-0068d17939-7547eb43-default</RequestId><HostId>7547eb43-default-default</HostId></Error>
    headers:
      Accept-Ranges:
      - bytes
      Connection:
      - Keep-Alive
      Content-Length:
      - '218'
      Content-Type:
      - application/xml
      Date:
      - Mon, 22 Sep 2025 16:28:41 GMT
      x-amz-request-id:
      - tx000000000000014427675-0068d17939-7547eb43-default
    status:
      code: 404
      message: Not Found
- request:
    body: null
    headers: {}
    method: GET
    uri: https://uk1s3.embassy.ebi.ac.uk/idr/zarr/v0.5/idr0066/ExpA_VIP_ASLM_on.zarr/5/.zarray
  response:
    body:
      string: <?xml version="1.0" encoding="UTF-8"?><Error><Code>NoSuchKey</Code><BucketName>idr</BucketName><RequestId>tx000000000000014427674-0068d17939-7547eb43-default</RequestId><HostId>7547eb43-default-default</HostId></Error>
    headers:
      Accept-Ranges:
      - bytes
      Connection:
      - Keep-Alive
      Content-Length:
      - '218'
      Content-Type:
      - application/xml
      Date:
      - Mon, 22 Sep 2025 16:28:41 GMT
      x-amz-request-id:
      - tx000000000000014427674-0068d17939-7547eb43-default
    status:
      code: 404
      message: Not Found
- request:
    body: null
    headers: {}
    method: GET
    uri: https://uk1s3.embassy.ebi.ac.uk/idr/zarr/v0.5/idr0066/ExpA_VIP_ASLM_on.zarr/labels/zarr.json
  response:
    body:
      string: <?xml version="1.0" encoding="UTF-8"?><Error><Code>NoSuchKey</Code><BucketName>idr</BucketName><RequestId>tx00000000000001308bf0f-0068d17939-7518e06c-default</RequestId><HostId>7518e06c-default-default</HostId></Error>
    headers:
      Accept-Ranges:
      - bytes
      Connection:
      - Keep-Alive
      Content-Length:
      - '218'
      Content-Type:
      - application/xml
      Date:
      - Mon, 22 Sep 2025 16:28:41 GMT
      x-amz-request-id:
      - tx00000000000001308bf0f-0068d17939-7518e06c-default
    status:
      code: 404
      message: Not Found
- request:
    body: null
    headers: {}
    method: GET
    uri: https://uk1s3.embassy.ebi.ac.uk/idr/zarr/v0.5/idr0066/ExpA_VIP_ASLM_on.zarr/labels/.zgroup
  response:
    body:
      string: <?xml version="1.0" encoding="UTF-8"?><Error><Code>NoSuchKey</Code><BucketName>idr</BucketName><RequestId>tx000000000000014427676-0068d17939-7547eb43-default</RequestId><HostId>7547eb43-default-default</HostId></Error>
    headers:
      Accept-Ranges:
      - bytes
      Connection:
      - Keep-Alive
      Content-Length:
      - '218'
      Content-Type:
      - application/xml
      Date:
      - Mon, 22 Sep 2025 16:28:41 GMT
      x-amz-request-id:
      - tx000000000000014427676-0068d17939-7547eb43-default
    status:
      code: 404
      message: Not Found
- request:
    body: null
    headers: {}
    method: GET
    uri: https://uk1s3.embassy.ebi.ac.uk/idr/zarr/v0.5/idr0066/ExpA_VIP_ASLM_on.zarr/labels/.zattrs
  response:
    body:
      string: <?xml version="1.0" encoding="UTF-8"?><Error><Code>NoSuchKey</Code><BucketName>idr</BucketName><RequestId>tx000000000000014427677-0068d17939-7547eb43-default</RequestId><HostId>7547eb43-default-default</HostId></Error>
    headers:
      Accept-Ranges:
      - bytes
      Connection:
      - Keep-Alive
      Content-Length:
      - '218'
      Content-Type:
      - application/xml
      Date:
      - Mon, 22 Sep 2025 16:28:41 GMT
      x-amz-request-id:
      - tx000000000000014427677-0068d17939-7547eb43-default
    status:
      code: 404
      message: Not Found
- request:
    body: null
    headers: {}
    method: GET
    uri: https://uk1s3.embassy.ebi.ac.uk/idr/zarr/v0.5/idr0066/ExpA_VIP_ASLM_on.zarr/labels/.zmetadata
  response:
    body:
      string: <?xml version="1.0" encoding="UTF-8"?><Error><Code>NoSuchKey</Code><BucketName>idr</BucketName><RequestId>tx00000000000001308bf10-0068d17939-7518e06c-default</RequestId><HostId>7518e06c-default-default</HostId></Error>
    headers:
      Accept-Ranges:
      - bytes
      Connection:
      - Keep-Alive
      Content-Length:
      - '218'
      Content-Type:
      - application/xml
      Date:
      - Mon, 22 Sep 2025 16:28:41 GMT
      x-amz-request-id:
      - tx00000000000001308bf10-0068d17939-7518e06c-default
    status:
      code: 404
      message: Not Found
version: 1
